[/var/www 폴더에 chagaun_prj라는 프로젝트를 서비스하기위한 절차]
-- chagaun 이라는 아이디로 우분투에 로그인 한다.

--  먼저 /var/www 폴더의 소유자를 chagaun으로 바꾸어 작업을 한 후  서비스 오픈 시점에서 www-data로 바꾸어 서비스한다
$ sudo chown -R chagaun:chagaun /var/www

-- 이제 /var/www 폴더로 이동한다
$ cd /var/www

-- /var/www에 vnv_www라는 가상 환경을 만든 후 이 가상환경으로 들어간다
$ python -m venv vnv_www
$ source ./vnv_www/bin/activate

-- chagaun_prj.tar 파일을 현재의 폴더에 다운로드 받아 압축을 푼다.
$ tar -xvf chagaun_prj.tar
$ ls
chagaun_prj chagaun_prj.tar vnv_ysk002
=> 이처럼 3개의 폴더 또는 파일이 있어야 한다.

-- 이제 /var/www/chagaun_prj 폴더로 이동한다
(vnv_www)$ cd /var/www/chagaun_prj

-- 가상환경에 장고 패키지등 프로젝트에서 사용하고 있는 기본 패키지들을 설치한다.
(vnv_www)$ python -m pip install --upgrade pip
(vnv_www)$ pip install -r requirements.txt

-- apache2, mod-wsgi 가 설치되어 있는지 확인한다
$ sudo systemctl status apache2

-- 설치가 되어 있지 않은 경우 설치한다.
$ sudo apt-get install apache2
$ sudo apt-get install libapache2-mod-wsgi-py3

-- 설치된 아파치 데몬 서버를 확인한다
$ sudo systemctl status apache2

-- 설치된 아파치 서버를 재시작해 본다
$ sudo systemctl restart apache2

-- /etc/apache2/apache2.conf에 다음의 웹서비스 폴더를 등록해 놓는다
<Directory /var/www/chagaun_prj/>
	Options Indexes FollowSymLinks
	AllowOverride None
	Require all granted
</Directory>

-- /etc/apache2/ports.conf에 다음의 웹서비스 포트를 등록해 놓는다
:
Listen 80

-- /etc/apache2/sites-available/000-default.conf에 다음의 웹서비스 포트를 등록해 놓는다
<VirtualHost *:80>
	ServerAdmin webmaster@localhost
	DocumentRoot /var/www/chagaun_prj

	ErrorLog /var/www/chagaun_prj/logs/error.log
	CustomLog /var/www/chagaun_prj/logs/access.log combined

	Alias /static /var/www/chagaun_prj/static
	<Directory /var/www/chagaun_prj/static>
			Require all granted
	</Directory>
	Alias /media /var/www/chagaun_prj/media
	<Directory /var/www/chagaun_prj/media>
			Require all granted
	</Directory>

	<Directory /var/www/chagaun_prj/chagaun_prj>
			<Files wsgi.py>
					Require all granted
			</Files>
	</Directory>
	
	WSGIDaemonProcess chagaun_prj python-home=/var/www/vnv_www python-path=/var/www/chagaun_prj
	WSGIProcessGroup chagaun_prj
	WSGIScriptAlias / /var/www/chagaun_prj/chagaun_prj/wsgi.py
</VirtualHost>

--  /var/www 폴더의 소유자를 웹서비스 계정인 www-data로 바꾸어 돌려 놓는다
$ sudo chown -R www-data:www-data /var/www

-- 설치된 아파치 서버를 재시작한다
$ sudo systemctl restart apache2

-- 크롬 부라우저상에서 정상적으로 웹페이지가 뜨는지 확인한다.
http://epintos.com:80/

